###############################################################################
#
# IAR ELF Linker V7.80.2.11947/W32 for ARM                08/Sep/2020  18:13:37
# Copyright 2007-2016 IAR Systems AB.
#
#    Output file  =  D:\code\mkr\stm32\stm32f103\form\Temp\Debug\Exe\blinky.out
#    Map file     =  
#        D:\code\mkr\stm32\stm32f103\form\Temp\Debug\List\blinky.map
#    Command line =  
#        D:\code\mkr\stm32\stm32f103\form\Temp\Debug\Obj\main.o
#        D:\code\mkr\stm32\stm32f103\form\Temp\Debug\Obj\startup_stm32f103xb.o
#        D:\code\mkr\stm32\stm32f103\form\Temp\Debug\Obj\system_stm32f1xx.o -o
#        D:\code\mkr\stm32\stm32f103\form\Temp\Debug\Exe\blinky.out --redirect
#        _Printf=_PrintfFull --redirect _Scanf=_ScanfFull --map
#        D:\code\mkr\stm32\stm32f103\form\Temp\Debug\List\blinky.map --config
#        "C:\Program Files (x86)\IAR Systems\Embedded Workbench
#        7.5\arm\config\linker\ST\stm32f103x8.icf" --semihosting --entry
#        __iar_program_start --vfe
#
###############################################################################

*******************************************************************************
*** RUNTIME MODEL ATTRIBUTES
***

CppFlavor       = *
__SystemLibrary = DLib


*******************************************************************************
*** PLACEMENT SUMMARY
***

"A0":  place at 0x08000000 { ro section .intvec };
"P1":  place in [from 0x08000000 to 0x0800ffff] { ro };
"P2":  place in [from 0x20000000 to 0x20004fff] { rw, block CSTACK, block HEAP };
initialize by copy { rw };

  Section            Kind        Address   Size  Object
  -------            ----        -------   ----  ------
"A0":                                      0xec
  .intvec            ro code  0x08000000   0xec  startup_stm32f103xb.o [1]
                            - 0x080000ec   0xec

"P1":                                     0xb94
  .text              ro code  0x080000ec  0x774  main.o [1]
  .text              ro code  0x08000860   0x2e  I32ToFlt.o [4]
  .text              ro code  0x08000890   0xfc  FltDiv.o [4]
  .rodata            const    0x0800098c   0xf0  main.o [1]
  .text              ro code  0x08000a7c   0x68  system_stm32f1xx.o [1]
  .text              ro code  0x08000ae4   0x38  packbits_init_single.o [5]
  .text              ro code  0x08000b1c   0x28  data_init.o [5]
  .iar.init_table    const    0x08000b44   0x10  - Linker created -
  .text              ro code  0x08000b54   0x1a  cmain.o [5]
  .text              ro code  0x08000b6e    0x4  low_level_init.o [3]
  .text              ro code  0x08000b72    0x4  exit.o [3]
  .text              ro code  0x08000b78    0xa  cexit.o [5]
  .text              ro code  0x08000b84   0x14  exit.o [6]
  .text              ro code  0x08000b98   0x10  startup_stm32f103xb.o [1]
  .text              ro code  0x08000ba8    0xc  cstartup_M.o [5]
  .text              ro code  0x08000bb4    0x4  startup_stm32f103xb.o [1]
  .text              ro code  0x08000bb8    0x4  startup_stm32f103xb.o [1]
  .text              ro code  0x08000bbc    0x4  startup_stm32f103xb.o [1]
  .text              ro code  0x08000bc0    0x4  startup_stm32f103xb.o [1]
  .text              ro code  0x08000bc4    0x4  startup_stm32f103xb.o [1]
  .text              ro code  0x08000bc8    0x4  startup_stm32f103xb.o [1]
  .text              ro code  0x08000bcc    0x4  startup_stm32f103xb.o [1]
  .text              ro code  0x08000bd0    0x4  startup_stm32f103xb.o [1]
  .text              ro code  0x08000bd4    0x4  startup_stm32f103xb.o [1]
  .text              ro code  0x08000bd8    0x4  startup_stm32f103xb.o [1]
  .text              ro code  0x08000bdc    0x4  startup_stm32f103xb.o [1]
  .text              ro code  0x08000be0    0x4  startup_stm32f103xb.o [1]
  .text              ro code  0x08000be4    0x4  startup_stm32f103xb.o [1]
  .text              ro code  0x08000be8    0x4  startup_stm32f103xb.o [1]
  .text              ro code  0x08000bec    0x4  startup_stm32f103xb.o [1]
  .text              ro code  0x08000bf0    0x4  startup_stm32f103xb.o [1]
  .text              ro code  0x08000bf4    0x4  startup_stm32f103xb.o [1]
  .text              ro code  0x08000bf8    0x4  startup_stm32f103xb.o [1]
  .text              ro code  0x08000bfc    0x4  startup_stm32f103xb.o [1]
  .text              ro code  0x08000c00    0x4  startup_stm32f103xb.o [1]
  .text              ro code  0x08000c04    0x4  startup_stm32f103xb.o [1]
  .text              ro code  0x08000c08    0x4  startup_stm32f103xb.o [1]
  .text              ro code  0x08000c0c    0x4  startup_stm32f103xb.o [1]
  .text              ro code  0x08000c10    0x4  startup_stm32f103xb.o [1]
  .text              ro code  0x08000c14    0x4  startup_stm32f103xb.o [1]
  .text              ro code  0x08000c18    0x4  startup_stm32f103xb.o [1]
  .text              ro code  0x08000c1c    0x4  startup_stm32f103xb.o [1]
  .text              ro code  0x08000c20    0x4  startup_stm32f103xb.o [1]
  .text              ro code  0x08000c24    0x4  startup_stm32f103xb.o [1]
  .text              ro code  0x08000c28    0x4  startup_stm32f103xb.o [1]
  .text              ro code  0x08000c2c    0x4  startup_stm32f103xb.o [1]
  .text              ro code  0x08000c30    0x4  startup_stm32f103xb.o [1]
  .text              ro code  0x08000c34    0x4  startup_stm32f103xb.o [1]
  .text              ro code  0x08000c38    0x4  startup_stm32f103xb.o [1]
  .text              ro code  0x08000c3c    0x4  startup_stm32f103xb.o [1]
  .text              ro code  0x08000c40    0x4  startup_stm32f103xb.o [1]
  .text              ro code  0x08000c44    0x4  startup_stm32f103xb.o [1]
  .text              ro code  0x08000c48    0x4  startup_stm32f103xb.o [1]
  .text              ro code  0x08000c4c    0x4  startup_stm32f103xb.o [1]
  .text              ro code  0x08000c50    0x4  startup_stm32f103xb.o [1]
  .text              ro code  0x08000c54    0x4  startup_stm32f103xb.o [1]
  .text              ro code  0x08000c58    0x4  startup_stm32f103xb.o [1]
  .text              ro code  0x08000c5c    0x4  startup_stm32f103xb.o [1]
  .text              ro code  0x08000c60    0x4  startup_stm32f103xb.o [1]
  .text              ro code  0x08000c64    0x4  startup_stm32f103xb.o [1]
  .text              ro code  0x08000c68    0x4  startup_stm32f103xb.o [1]
  .text              ro code  0x08000c6c    0x4  startup_stm32f103xb.o [1]
  .text              ro code  0x08000c70    0x4  startup_stm32f103xb.o [1]
  .text              ro code  0x08000c74    0x4  startup_stm32f103xb.o [1]
  .text              ro code  0x08000c78    0x4  startup_stm32f103xb.o [1]
  .rodata            const    0x08000c7c    0x0  packbits_init_single.o [5]
  Initializer bytes  const    0x08000c7c    0x4  <for P2-1>
                            - 0x08000c80  0xb94

"P2", part 1 of 2:                         0x48
  P2-1                        0x20000000   0x48  <Init block>
    .data            inited   0x20000000    0x4  main.o [1]
    .bss             inited   0x20000004    0xc  main.o [1]
    .bss             inited   0x20000010   0x30  main.o [1]
    .bss             inited   0x20000040    0x2  main.o [1]
    .bss             inited   0x20000042    0x2  main.o [1]
    .bss             inited   0x20000044    0x1  main.o [1]
    .bss             inited   0x20000045    0x1  main.o [1]
    .bss             inited   0x20000046    0x1  main.o [1]
    .bss             inited   0x20000047    0x1  main.o [1]
                            - 0x20000048   0x48

"P2", part 2 of 2:                        0x800
  CSTACK                      0x20000048  0x800  <Block>
    CSTACK           uninit   0x20000048  0x800  <Block tail>
                            - 0x20000848  0x800


*******************************************************************************
*** INIT TABLE
***

          Address     Size
          -------     ----
Copy/packbits (__iar_packbits_init_single3)
    1 source range, total size 0x4 (5% of destination):
          0x08000c7c   0x4
    1 destination range, total size 0x48:
          0x20000000  0x48



*******************************************************************************
*** MODULE SUMMARY
***

    Module                  ro code  ro data  rw data
    ------                  -------  -------  -------
D:\code\mkr\stm32\stm32f103\form\Temp\Debug\Obj: [1]
    main.o                    1 908      244       72
    startup_stm32f103xb.o       452
    system_stm32f1xx.o          104
    -------------------------------------------------
    Total:                    2 464      244       72

command line: [2]
    -------------------------------------------------
    Total:

dl7M_tln.a: [3]
    exit.o                        4
    low_level_init.o              4
    -------------------------------------------------
    Total:                        8

m7M_tl.a: [4]
    FltDiv.o                    252
    I32ToFlt.o                   46
    -------------------------------------------------
    Total:                      298

rt7M_tl.a: [5]
    cexit.o                      10
    cmain.o                      26
    cstartup_M.o                 12
    data_init.o                  40
    packbits_init_single.o       56
    -------------------------------------------------
    Total:                      144

shb_l.a: [6]
    exit.o                       20
    -------------------------------------------------
    Total:                       20

    Gaps                          6
    Linker created                        16    2 048
-----------------------------------------------------
    Grand Total:              2 940      260    2 120


*******************************************************************************
*** ENTRY LIST
***

Entry                      Address   Size  Type      Object
-----                      -------   ----  ----      ------
.iar.init_table$$Base   0x08000b44          --   Gb  - Linker created -
.iar.init_table$$Limit  0x08000b54          --   Gb  - Linker created -
?main                   0x08000b55         Code  Gb  cmain.o [5]
Blink                   0x080000ed   0x2e  Code  Gb  main.o [1]
CSTACK$$Base            0x20000048          --   Gb  - Linker created -
CSTACK$$Limit           0x20000848          --   Gb  - Linker created -
ClockInit               0x0800011b   0xe6  Code  Gb  main.o [1]
PortInit                0x08000201   0x62  Code  Gb  main.o [1]
Region$$Table$$Base     0x08000b44          --   Gb  - Linker created -
Region$$Table$$Limit    0x08000b54          --   Gb  - Linker created -
SysTick_Handler         0x0800027d   0x42  Code  Gb  main.o [1]
SystemInit              0x08000a7d   0x4e  Code  Gb  system_stm32f1xx.o [1]
TIMER_init              0x08000263   0x1a  Code  Gb  main.o [1]
TempMeas_Num            0x080002e5  0x144  Code  Gb  main.o [1]
USART1_IRQHandler       0x080002bf   0x26  Code  Gb  main.o [1]
__aeabi_fdiv            0x08000891         Code  Gb  FltDiv.o [4]
__aeabi_i2f             0x08000861         Code  Gb  I32ToFlt.o [4]
__cmain                 0x08000b55         Code  Gb  cmain.o [5]
__exit                  0x08000b85   0x14  Code  Gb  exit.o [6]
__iar_data_init3        0x08000b1d   0x28  Code  Gb  data_init.o [5]
__iar_packbits_init_single3
                        0x08000ae5   0x38  Code  Gb  packbits_init_single.o [5]
__iar_program_start     0x08000ba9         Code  Gb  cstartup_M.o [5]
__iar_ui2f              0x08000875         Code  Gb  I32ToFlt.o [4]
__low_level_init        0x08000b6f    0x4  Code  Gb  low_level_init.o [3]
__vector_table          0x08000000         Data  Gb  startup_stm32f103xb.o [1]
_call_main              0x08000b61         Code  Gb  cmain.o [5]
_exit                   0x08000b79         Code  Gb  cexit.o [5]
_main                   0x08000b6b         Code  Gb  cmain.o [5]
buff_1                  0x20000004    0xc  Data  Gb  main.o [1]
cn                      0x20000000    0x4  Data  Gb  main.o [1]
cs_pin                  0x0800098c   0xf0  Data  Gb  main.o [1]
ds18b20_ReadBit         0x08000577  0x126  Code  Gb  main.o [1]
ds18b20_ReadByte        0x0800069d   0x26  Code  Gb  main.o [1]
ds18b20_Reset           0x08000429  0x14e  Code  Gb  main.o [1]
ds18b20_WriteBit        0x080006c3   0xe8  Code  Gb  main.o [1]
ds18b20_WriteByte       0x080007ab   0x34  Code  Gb  main.o [1]
exit                    0x08000b73    0x4  Code  Gb  exit.o [3]
led_timer               0x20000042    0x2  Data  Gb  main.o [1]
main                    0x080007df   0x1c  Code  Gb  main.o [1]
rec_cn                  0x20000046    0x1  Data  Gb  main.o [1]
rec_com                 0x20000045    0x1  Data  Gb  main.o [1]
sens_num                0x20000047    0x1  Data  Gb  main.o [1]
st                      0x20000044    0x1  Data  Gb  main.o [1]
temp_res                0x20000010   0x30  Data  Gb  main.o [1]
transmit_timer          0x20000040    0x2  Data  Gb  main.o [1]


[1] = D:\code\mkr\stm32\stm32f103\form\Temp\Debug\Obj
[2] = command line
[3] = dl7M_tln.a
[4] = m7M_tl.a
[5] = rt7M_tl.a
[6] = shb_l.a

  2 940 bytes of readonly  code memory
    260 bytes of readonly  data memory
  2 120 bytes of readwrite data memory

Errors: none
Warnings: none
